[INFO] Scanning for projects...
[INFO] 
[INFO] -----------------------< com.pictofold:backend >------------------------
[INFO] Building backend 0.0.1-SNAPSHOT
[INFO]   from pom.xml
[INFO] --------------------------------[ jar ]---------------------------------
[INFO] 
[INFO] --- resources:3.3.1:resources (default-resources) @ backend ---
[INFO] Copying 1 resource from src\main\resources to target\classes
[INFO] Copying 0 resource from src\main\resources to target\classes
[INFO] 
[INFO] --- compiler:3.14.1:compile (default-compile) @ backend ---
[INFO] Recompiling the module because of changed source code.
[INFO] Compiling 26 source files with javac [debug parameters release 17] to target\classes
[INFO] /D:/gokul/pictofold/backend/src/main/java/com/pictofold/backend/config/SecurityConfig.java: D:\gokul\pictofold\backend\src\main\java\com\pictofold\backend\config\SecurityConfig.java uses or overrides a deprecated API.
[INFO] /D:/gokul/pictofold/backend/src/main/java/com/pictofold/backend/config/SecurityConfig.java: Recompile with -Xlint:deprecation for details.
[INFO] -------------------------------------------------------------
[WARNING] COMPILATION WARNING : 
[INFO] -------------------------------------------------------------
[WARNING] /D:/gokul/pictofold/backend/src/main/java/com/pictofold/backend/model/User.java:[36,21] @Builder will ignore the initializing expression entirely. If you want the initializing expression to serve as default, add @Builder.Default. If it is not supposed to be settable during building, make the field final.
[INFO] 1 warning
[INFO] -------------------------------------------------------------
[INFO] -------------------------------------------------------------
[ERROR] COMPILATION ERROR : 
[INFO] -------------------------------------------------------------
[ERROR] /D:/gokul/pictofold/backend/src/main/java/com/pictofold/backend/service/CloudinaryService.java:[35,43] method asArray in class com.cloudinary.utils.ObjectUtils cannot be applied to given types;
  required: java.lang.Object
  found:    java.lang.String,java.lang.String,java.lang.String
  reason: actual and formal argument lists differ in length
[INFO] 1 error
[INFO] -------------------------------------------------------------
[INFO] ------------------------------------------------------------------------
[INFO] BUILD FAILURE
[INFO] ------------------------------------------------------------------------
[INFO] Total time:  5.463 s
[INFO] Finished at: 2025-12-01T22:17:18+05:30
[INFO] ------------------------------------------------------------------------
[ERROR] Failed to execute goal org.apache.maven.plugins:maven-compiler-plugin:3.14.1:compile (default-compile) on project backend: Compilation failure
[ERROR] /D:/gokul/pictofold/backend/src/main/java/com/pictofold/backend/service/CloudinaryService.java:[35,43] method asArray in class com.cloudinary.utils.ObjectUtils cannot be applied to given types;
[ERROR]   required: java.lang.Object
[ERROR]   found:    java.lang.String,java.lang.String,java.lang.String
[ERROR]   reason: actual and formal argument lists differ in length
[ERROR] 
[ERROR] -> [Help 1]
[ERROR] 
[ERROR] To see the full stack trace of the errors, re-run Maven with the -e switch.
[ERROR] Re-run Maven using the -X switch to enable full debug logging.
[ERROR] 
[ERROR] For more information about the errors and possible solutions, please read the following articles:
[ERROR] [Help 1] http://cwiki.apache.org/confluence/display/MAVEN/MojoFailureException
